[2026-06-07T04:57:44.177+0000] {local_task_job_runner.py:120} INFO - ::group::Pre task execution logs
[2026-06-07T04:57:44.268+0000] {taskinstance.py:2076} INFO - Dependencies all met for dep_context=non-requeueable deps ti=<TaskInstance: etl_cotacoes_moedas.notify_task manual__2026-06-07T04:37:51.364952+00:00 [queued]>
[2026-06-07T04:57:44.282+0000] {taskinstance.py:2076} INFO - Dependencies all met for dep_context=requeueable deps ti=<TaskInstance: etl_cotacoes_moedas.notify_task manual__2026-06-07T04:37:51.364952+00:00 [queued]>
[2026-06-07T04:57:44.283+0000] {taskinstance.py:2306} INFO - Starting attempt 1 of 4
[2026-06-07T04:57:44.309+0000] {taskinstance.py:2330} INFO - Executing <Task(PythonOperator): notify_task> on 2026-06-07 04:37:51.364952+00:00
[2026-06-07T04:57:44.316+0000] {standard_task_runner.py:63} INFO - Started process 212 to run task
[2026-06-07T04:57:44.320+0000] {standard_task_runner.py:90} INFO - Running: ['***', 'tasks', 'run', 'etl_cotacoes_moedas', 'notify_task', 'manual__2026-06-07T04:37:51.364952+00:00', '--job-id', '22', '--raw', '--subdir', 'DAGS_FOLDER/cotacoes_dags.py', '--cfg-path', '/tmp/tmpb_pimkv5']
[2026-06-07T04:57:44.323+0000] {standard_task_runner.py:91} INFO - Job 22: Subtask notify_task
[2026-06-07T04:57:44.419+0000] {task_command.py:426} INFO - Running <TaskInstance: etl_cotacoes_moedas.notify_task manual__2026-06-07T04:37:51.364952+00:00 [running]> on host aeec86894c9a
[2026-06-07T04:57:44.676+0000] {taskinstance.py:2648} INFO - Exporting env vars: AIRFLOW_CTX_DAG_OWNER='etl_team' AIRFLOW_CTX_DAG_ID='etl_cotacoes_moedas' AIRFLOW_CTX_TASK_ID='notify_task' AIRFLOW_CTX_EXECUTION_DATE='2026-06-07T04:37:51.364952+00:00' AIRFLOW_CTX_TRY_NUMBER='1' AIRFLOW_CTX_DAG_RUN_ID='manual__2026-06-07T04:37:51.364952+00:00'
[2026-06-07T04:57:44.681+0000] {taskinstance.py:430} INFO - ::endgroup::
[2026-06-07T04:57:44.771+0000] {cotacoes_dags.py:130} INFO - ==================================================
[2026-06-07T04:57:44.773+0000] {cotacoes_dags.py:131} INFO - ✅ PIPELINE ETL FINALIZADO COM SUCESSO
[2026-06-07T04:57:44.781+0000] {logging_mixin.py:188} WARNING - /home/***/.local/lib/python3.11/site-packages/***/utils/context.py:320 AirflowContextDeprecationWarning: Accessing 'execution_date' from the template is deprecated and will be removed in a future version. Please use 'data_interval_start' or 'logical_date' instead.
[2026-06-07T04:57:44.784+0000] {cotacoes_dags.py:132} INFO -    Data de execução : 2026-06-07 04:37:51.364952+00:00
[2026-06-07T04:57:44.785+0000] {cotacoes_dags.py:133} INFO -    Registros salvos : 3
[2026-06-07T04:57:44.787+0000] {cotacoes_dags.py:134} INFO - ==================================================
[2026-06-07T04:57:44.789+0000] {python.py:237} INFO - Done. Returned value was: None
[2026-06-07T04:57:44.791+0000] {taskinstance.py:441} INFO - ::group::Post task execution logs
[2026-06-07T04:57:44.839+0000] {taskinstance.py:1206} INFO - Marking task as SUCCESS. dag_id=etl_cotacoes_moedas, task_id=notify_task, run_id=manual__2026-06-07T04:37:51.364952+00:00, execution_date=20260607T043751, start_date=20260607T045744, end_date=20260607T045744
[2026-06-07T04:57:44.898+0000] {local_task_job_runner.py:240} INFO - Task exited with return code 0
[2026-06-07T04:57:44.969+0000] {taskinstance.py:3498} INFO - 0 downstream tasks scheduled from follow-on schedule check
[2026-06-07T04:57:44.985+0000] {local_task_job_runner.py:222} INFO - ::endgroup::
