[2026-06-07T04:57:28.121+0000] {local_task_job_runner.py:120} INFO - ::group::Pre task execution logs
[2026-06-07T04:57:28.155+0000] {taskinstance.py:2076} INFO - Dependencies all met for dep_context=non-requeueable deps ti=<TaskInstance: etl_cotacoes_moedas.load_task manual__2026-06-07T04:37:23.219132+00:00 [queued]>
[2026-06-07T04:57:28.164+0000] {taskinstance.py:2076} INFO - Dependencies all met for dep_context=requeueable deps ti=<TaskInstance: etl_cotacoes_moedas.load_task manual__2026-06-07T04:37:23.219132+00:00 [queued]>
[2026-06-07T04:57:28.182+0000] {taskinstance.py:2306} INFO - Starting attempt 1 of 4
[2026-06-07T04:57:28.199+0000] {taskinstance.py:2330} INFO - Executing <Task(PythonOperator): load_task> on 2026-06-07 04:37:23.219132+00:00
[2026-06-07T04:57:28.203+0000] {standard_task_runner.py:63} INFO - Started process 194 to run task
[2026-06-07T04:57:28.206+0000] {standard_task_runner.py:90} INFO - Running: ['***', 'tasks', 'run', 'etl_cotacoes_moedas', 'load_task', 'manual__2026-06-07T04:37:23.219132+00:00', '--job-id', '17', '--raw', '--subdir', 'DAGS_FOLDER/cotacoes_dags.py', '--cfg-path', '/tmp/tmpsw1fym12']
[2026-06-07T04:57:28.208+0000] {standard_task_runner.py:91} INFO - Job 17: Subtask load_task
[2026-06-07T04:57:28.259+0000] {task_command.py:426} INFO - Running <TaskInstance: etl_cotacoes_moedas.load_task manual__2026-06-07T04:37:23.219132+00:00 [running]> on host aeec86894c9a
[2026-06-07T04:57:28.375+0000] {taskinstance.py:2648} INFO - Exporting env vars: AIRFLOW_CTX_DAG_OWNER='etl_team' AIRFLOW_CTX_DAG_ID='etl_cotacoes_moedas' AIRFLOW_CTX_TASK_ID='load_task' AIRFLOW_CTX_EXECUTION_DATE='2026-06-07T04:37:23.219132+00:00' AIRFLOW_CTX_TRY_NUMBER='1' AIRFLOW_CTX_DAG_RUN_ID='manual__2026-06-07T04:37:23.219132+00:00'
[2026-06-07T04:57:28.377+0000] {taskinstance.py:430} INFO - ::endgroup::
[2026-06-07T04:57:28.845+0000] {cotacoes_dags.py:101} INFO - === TASK: LOAD ===
[2026-06-07T04:57:28.858+0000] {load.py:56} INFO - Conectando ao PostgreSQL | host: postgres-data
[2026-06-07T04:57:28.885+0000] {load.py:81} INFO - Carga concluída | 3 registro(s) inserido(s) na tabela 'cotacoes'.
[2026-06-07T04:57:28.887+0000] {cotacoes_dags.py:117} INFO - === PIPELINE CONCLUÍDO | 3 registro(s) inserido(s) ===
[2026-06-07T04:57:28.888+0000] {python.py:237} INFO - Done. Returned value was: 3
[2026-06-07T04:57:28.889+0000] {taskinstance.py:441} INFO - ::group::Post task execution logs
[2026-06-07T04:57:28.921+0000] {taskinstance.py:1206} INFO - Marking task as SUCCESS. dag_id=etl_cotacoes_moedas, task_id=load_task, run_id=manual__2026-06-07T04:37:23.219132+00:00, execution_date=20260607T043723, start_date=20260607T045728, end_date=20260607T045728
[2026-06-07T04:57:28.982+0000] {local_task_job_runner.py:240} INFO - Task exited with return code 0
[2026-06-07T04:57:29.005+0000] {taskinstance.py:3498} INFO - 0 downstream tasks scheduled from follow-on schedule check
[2026-06-07T04:57:29.007+0000] {local_task_job_runner.py:222} INFO - ::endgroup::
