[2026-06-07T04:53:45.266+0000] {local_task_job_runner.py:120} INFO - ::group::Pre task execution logs
[2026-06-07T04:53:45.369+0000] {taskinstance.py:2076} INFO - Dependencies all met for dep_context=non-requeueable deps ti=<TaskInstance: etl_cotacoes_moedas.load_task scheduled__2026-06-06T00:00:00+00:00 [queued]>
[2026-06-07T04:53:45.395+0000] {taskinstance.py:2076} INFO - Dependencies all met for dep_context=requeueable deps ti=<TaskInstance: etl_cotacoes_moedas.load_task scheduled__2026-06-06T00:00:00+00:00 [queued]>
[2026-06-07T04:53:45.397+0000] {taskinstance.py:2306} INFO - Starting attempt 5 of 8
[2026-06-07T04:53:45.416+0000] {taskinstance.py:2330} INFO - Executing <Task(PythonOperator): load_task> on 2026-06-06 00:00:00+00:00
[2026-06-07T04:53:45.420+0000] {standard_task_runner.py:63} INFO - Started process 262 to run task
[2026-06-07T04:53:45.430+0000] {standard_task_runner.py:90} INFO - Running: ['***', 'tasks', 'run', 'etl_cotacoes_moedas', 'load_task', 'scheduled__2026-06-06T00:00:00+00:00', '--job-id', '9', '--raw', '--subdir', 'DAGS_FOLDER/cotacoes_dags.py', '--cfg-path', '/tmp/tmpnorr11t8']
[2026-06-07T04:53:45.434+0000] {standard_task_runner.py:91} INFO - Job 9: Subtask load_task
[2026-06-07T04:53:45.506+0000] {task_command.py:426} INFO - Running <TaskInstance: etl_cotacoes_moedas.load_task scheduled__2026-06-06T00:00:00+00:00 [running]> on host aeec86894c9a
[2026-06-07T04:53:45.607+0000] {taskinstance.py:2648} INFO - Exporting env vars: AIRFLOW_CTX_DAG_OWNER='etl_team' AIRFLOW_CTX_DAG_ID='etl_cotacoes_moedas' AIRFLOW_CTX_TASK_ID='load_task' AIRFLOW_CTX_EXECUTION_DATE='2026-06-06T00:00:00+00:00' AIRFLOW_CTX_TRY_NUMBER='5' AIRFLOW_CTX_DAG_RUN_ID='scheduled__2026-06-06T00:00:00+00:00'
[2026-06-07T04:53:45.609+0000] {taskinstance.py:430} INFO - ::endgroup::
[2026-06-07T04:53:46.187+0000] {cotacoes_dags.py:101} INFO - === TASK: LOAD ===
[2026-06-07T04:53:46.204+0000] {load.py:54} INFO - Conectando ao PostgreSQL | host: postgres-data
[2026-06-07T04:53:46.234+0000] {logging_mixin.py:188} WARNING - /opt/***/scripts/load.py:65 UserWarning: pandas only supports SQLAlchemy connectable (engine/connection) or database string URI or sqlite3 DBAPI2 connection. Other DBAPI2 objects are not tested. Please consider using SQLAlchemy.
[2026-06-07T04:53:46.239+0000] {taskinstance.py:441} INFO - ::group::Post task execution logs
[2026-06-07T04:53:46.241+0000] {taskinstance.py:2905} ERROR - Task failed with exception
Traceback (most recent call last):
  File "/home/airflow/.local/lib/python3.11/site-packages/airflow/models/taskinstance.py", line 465, in _execute_task
    result = _execute_callable(context=context, **execute_callable_kwargs)
             ^^^^^^^^^^^^^^^^^^^^^^^^^^^^^^^^^^^^^^^^^^^^^^^^^^^^^^^^^^^^^
  File "/home/airflow/.local/lib/python3.11/site-packages/airflow/models/taskinstance.py", line 432, in _execute_callable
    return execute_callable(context=context, **execute_callable_kwargs)
           ^^^^^^^^^^^^^^^^^^^^^^^^^^^^^^^^^^^^^^^^^^^^^^^^^^^^^^^^^^^^
  File "/home/airflow/.local/lib/python3.11/site-packages/airflow/models/baseoperator.py", line 400, in wrapper
    return func(self, *args, **kwargs)
           ^^^^^^^^^^^^^^^^^^^^^^^^^^^
  File "/home/airflow/.local/lib/python3.11/site-packages/airflow/operators/python.py", line 235, in execute
    return_value = self.execute_callable()
                   ^^^^^^^^^^^^^^^^^^^^^^^
  File "/home/airflow/.local/lib/python3.11/site-packages/airflow/operators/python.py", line 252, in execute_callable
    return self.python_callable(*self.op_args, **self.op_kwargs)
           ^^^^^^^^^^^^^^^^^^^^^^^^^^^^^^^^^^^^^^^^^^^^^^^^^^^^^
  File "/opt/airflow/dags/cotacoes_dags.py", line 116, in run_load
    inserted = load_cotacoes(df)
               ^^^^^^^^^^^^^^^^^
  File "/opt/airflow/scripts/load.py", line 65, in load_cotacoes
    df.to_sql(
  File "/home/airflow/.local/lib/python3.11/site-packages/pandas/util/_decorators.py", line 333, in wrapper
    return func(*args, **kwargs)
           ^^^^^^^^^^^^^^^^^^^^^
  File "/home/airflow/.local/lib/python3.11/site-packages/pandas/core/generic.py", line 3087, in to_sql
    return sql.to_sql(
           ^^^^^^^^^^^
  File "/home/airflow/.local/lib/python3.11/site-packages/pandas/io/sql.py", line 842, in to_sql
    return pandas_sql.to_sql(
           ^^^^^^^^^^^^^^^^^^
  File "/home/airflow/.local/lib/python3.11/site-packages/pandas/io/sql.py", line 2850, in to_sql
    table.create()
  File "/home/airflow/.local/lib/python3.11/site-packages/pandas/io/sql.py", line 984, in create
    if self.exists():
       ^^^^^^^^^^^^^
  File "/home/airflow/.local/lib/python3.11/site-packages/pandas/io/sql.py", line 970, in exists
    return self.pd_sql.has_table(self.name, self.schema)
           ^^^^^^^^^^^^^^^^^^^^^^^^^^^^^^^^^^^^^^^^^^^^^
  File "/home/airflow/.local/lib/python3.11/site-packages/pandas/io/sql.py", line 2865, in has_table
    return len(self.execute(query, [name]).fetchall()) > 0
               ^^^^^^^^^^^^^^^^^^^^^^^^^^^
  File "/home/airflow/.local/lib/python3.11/site-packages/pandas/io/sql.py", line 2672, in execute
    cur = self.con.cursor()
          ^^^^^^^^^^^^^^^
AttributeError: 'Connection' object has no attribute 'cursor'
[2026-06-07T04:53:46.285+0000] {taskinstance.py:1206} INFO - Marking task as UP_FOR_RETRY. dag_id=etl_cotacoes_moedas, task_id=load_task, run_id=scheduled__2026-06-06T00:00:00+00:00, execution_date=20260606T000000, start_date=20260607T045345, end_date=20260607T045346
[2026-06-07T04:53:46.299+0000] {standard_task_runner.py:110} ERROR - Failed to execute job 9 for task load_task ('Connection' object has no attribute 'cursor'; 262)
[2026-06-07T04:53:46.346+0000] {local_task_job_runner.py:240} INFO - Task exited with return code 1
[2026-06-07T04:53:46.393+0000] {taskinstance.py:3498} INFO - 0 downstream tasks scheduled from follow-on schedule check
[2026-06-07T04:53:46.398+0000] {local_task_job_runner.py:222} INFO - ::endgroup::
