[2026-06-07T04:57:18.025+0000] {local_task_job_runner.py:120} INFO - ::group::Pre task execution logs
[2026-06-07T04:57:18.074+0000] {taskinstance.py:2076} INFO - Dependencies all met for dep_context=non-requeueable deps ti=<TaskInstance: etl_cotacoes_moedas.load_task scheduled__2026-06-06T00:00:00+00:00 [queued]>
[2026-06-07T04:57:18.086+0000] {taskinstance.py:2076} INFO - Dependencies all met for dep_context=requeueable deps ti=<TaskInstance: etl_cotacoes_moedas.load_task scheduled__2026-06-06T00:00:00+00:00 [queued]>
[2026-06-07T04:57:18.087+0000] {taskinstance.py:2306} INFO - Starting attempt 7 of 10
[2026-06-07T04:57:18.104+0000] {taskinstance.py:2330} INFO - Executing <Task(PythonOperator): load_task> on 2026-06-06 00:00:00+00:00
[2026-06-07T04:57:18.109+0000] {standard_task_runner.py:63} INFO - Started process 184 to run task
[2026-06-07T04:57:18.113+0000] {standard_task_runner.py:90} INFO - Running: ['***', 'tasks', 'run', 'etl_cotacoes_moedas', 'load_task', 'scheduled__2026-06-06T00:00:00+00:00', '--job-id', '13', '--raw', '--subdir', 'DAGS_FOLDER/cotacoes_dags.py', '--cfg-path', '/tmp/tmp9q01aqp_']
[2026-06-07T04:57:18.117+0000] {standard_task_runner.py:91} INFO - Job 13: Subtask load_task
[2026-06-07T04:57:18.188+0000] {task_command.py:426} INFO - Running <TaskInstance: etl_cotacoes_moedas.load_task scheduled__2026-06-06T00:00:00+00:00 [running]> on host aeec86894c9a
[2026-06-07T04:57:18.359+0000] {taskinstance.py:2648} INFO - Exporting env vars: AIRFLOW_CTX_DAG_OWNER='etl_team' AIRFLOW_CTX_DAG_ID='etl_cotacoes_moedas' AIRFLOW_CTX_TASK_ID='load_task' AIRFLOW_CTX_EXECUTION_DATE='2026-06-06T00:00:00+00:00' AIRFLOW_CTX_TRY_NUMBER='7' AIRFLOW_CTX_DAG_RUN_ID='scheduled__2026-06-06T00:00:00+00:00'
[2026-06-07T04:57:18.361+0000] {taskinstance.py:430} INFO - ::endgroup::
[2026-06-07T04:57:18.946+0000] {cotacoes_dags.py:101} INFO - === TASK: LOAD ===
[2026-06-07T04:57:18.978+0000] {load.py:56} INFO - Conectando ao PostgreSQL | host: postgres-data
[2026-06-07T04:57:19.029+0000] {load.py:81} INFO - Carga concluída | 3 registro(s) inserido(s) na tabela 'cotacoes'.
[2026-06-07T04:57:19.031+0000] {cotacoes_dags.py:117} INFO - === PIPELINE CONCLUÍDO | 3 registro(s) inserido(s) ===
[2026-06-07T04:57:19.032+0000] {python.py:237} INFO - Done. Returned value was: 3
[2026-06-07T04:57:19.033+0000] {taskinstance.py:441} INFO - ::group::Post task execution logs
[2026-06-07T04:57:19.072+0000] {taskinstance.py:1206} INFO - Marking task as SUCCESS. dag_id=etl_cotacoes_moedas, task_id=load_task, run_id=scheduled__2026-06-06T00:00:00+00:00, execution_date=20260606T000000, start_date=20260607T045718, end_date=20260607T045719
[2026-06-07T04:57:19.134+0000] {local_task_job_runner.py:240} INFO - Task exited with return code 0
[2026-06-07T04:57:19.178+0000] {taskinstance.py:3498} INFO - 1 downstream tasks scheduled from follow-on schedule check
[2026-06-07T04:57:19.198+0000] {local_task_job_runner.py:222} INFO - ::endgroup::
