[2026-06-07T04:35:28.465+0000] {manager.py:470} INFO - Processing files using up to 2 processes at a time 
[2026-06-07T04:35:28.474+0000] {manager.py:471} INFO - Process each file at most once every 30 seconds
[2026-06-07T04:35:28.490+0000] {manager.py:472} INFO - Checking for new files in /opt/airflow/dags every 300 seconds
[2026-06-07T04:35:28.507+0000] {manager.py:737} INFO - Searching for files in /opt/airflow/dags
[2026-06-07T04:35:28.595+0000] {manager.py:740} INFO - There are 1 files in /opt/airflow/dags
[2026-06-07T04:35:29.204+0000] {manager.py:878} INFO - 
================================================================================
DAG File Processing Stats

File Path                             PID  Runtime      # DAGs    # Errors  Last Runtime    Last Run
----------------------------------  -----  ---------  --------  ----------  --------------  ----------
/opt/airflow/dags/cotacoes_dags.py    168  0.19s             0           0
================================================================================
[2026-06-07T04:35:59.303+0000] {manager.py:878} INFO - 
================================================================================
DAG File Processing Stats

File Path                           PID    Runtime      # DAGs    # Errors  Last Runtime    Last Run
----------------------------------  -----  ---------  --------  ----------  --------------  -------------------
/opt/airflow/dags/cotacoes_dags.py                           1           0  1.97s           2026-06-07T04:35:30
================================================================================
[2026-06-07T04:36:29.962+0000] {manager.py:878} INFO - 
================================================================================
DAG File Processing Stats

File Path                           PID    Runtime      # DAGs    # Errors  Last Runtime    Last Run
----------------------------------  -----  ---------  --------  ----------  --------------  -------------------
/opt/airflow/dags/cotacoes_dags.py                           1           0  0.34s           2026-06-07T04:36:01
================================================================================
[2026-06-07T04:37:00.339+0000] {manager.py:878} INFO - 
================================================================================
DAG File Processing Stats

File Path                           PID    Runtime      # DAGs    # Errors  Last Runtime    Last Run
----------------------------------  -----  ---------  --------  ----------  --------------  -------------------
/opt/airflow/dags/cotacoes_dags.py                           1           0  0.26s           2026-06-07T04:36:32
================================================================================
[2026-06-07T04:37:31.222+0000] {manager.py:878} INFO - 
================================================================================
DAG File Processing Stats

File Path                           PID    Runtime      # DAGs    # Errors  Last Runtime    Last Run
----------------------------------  -----  ---------  --------  ----------  --------------  -------------------
/opt/airflow/dags/cotacoes_dags.py                           1           0  1.35s           2026-06-07T04:37:03
================================================================================
[2026-06-07T04:38:01.623+0000] {manager.py:878} INFO - 
================================================================================
DAG File Processing Stats

File Path                           PID    Runtime      # DAGs    # Errors  Last Runtime    Last Run
----------------------------------  -----  ---------  --------  ----------  --------------  -------------------
/opt/airflow/dags/cotacoes_dags.py                           1           0  0.43s           2026-06-07T04:37:34
================================================================================
[2026-06-07T04:38:31.883+0000] {manager.py:878} INFO - 
================================================================================
DAG File Processing Stats

File Path                           PID    Runtime      # DAGs    # Errors  Last Runtime    Last Run
----------------------------------  -----  ---------  --------  ----------  --------------  -------------------
/opt/airflow/dags/cotacoes_dags.py                           1           0  0.50s           2026-06-07T04:38:05
================================================================================
[2026-06-07T04:39:01.935+0000] {manager.py:878} INFO - 
================================================================================
DAG File Processing Stats

File Path                           PID    Runtime      # DAGs    # Errors  Last Runtime    Last Run
----------------------------------  -----  ---------  --------  ----------  --------------  -------------------
/opt/airflow/dags/cotacoes_dags.py                           1           0  0.72s           2026-06-07T04:38:36
================================================================================
[2026-06-07T04:39:32.273+0000] {manager.py:878} INFO - 
================================================================================
DAG File Processing Stats

File Path                           PID    Runtime      # DAGs    # Errors  Last Runtime    Last Run
----------------------------------  -----  ---------  --------  ----------  --------------  -------------------
/opt/airflow/dags/cotacoes_dags.py                           1           0  0.42s           2026-06-07T04:39:07
================================================================================
[2026-06-07T04:40:02.470+0000] {manager.py:878} INFO - 
================================================================================
DAG File Processing Stats

File Path                           PID    Runtime      # DAGs    # Errors  Last Runtime    Last Run
----------------------------------  -----  ---------  --------  ----------  --------------  -------------------
/opt/airflow/dags/cotacoes_dags.py                           1           0  0.53s           2026-06-07T04:39:37
================================================================================
[2026-06-07T04:40:29.056+0000] {manager.py:737} INFO - Searching for files in /opt/airflow/dags
[2026-06-07T04:40:29.135+0000] {manager.py:740} INFO - There are 1 files in /opt/airflow/dags
[2026-06-07T04:40:33.213+0000] {manager.py:878} INFO - 
================================================================================
DAG File Processing Stats

File Path                           PID    Runtime      # DAGs    # Errors  Last Runtime    Last Run
----------------------------------  -----  ---------  --------  ----------  --------------  -------------------
/opt/airflow/dags/cotacoes_dags.py                           1           0  0.36s           2026-06-07T04:40:08
================================================================================
[2026-06-07T04:41:03.549+0000] {manager.py:878} INFO - 
================================================================================
DAG File Processing Stats

File Path                           PID    Runtime      # DAGs    # Errors  Last Runtime    Last Run
----------------------------------  -----  ---------  --------  ----------  --------------  -------------------
/opt/airflow/dags/cotacoes_dags.py                           1           0  0.23s           2026-06-07T04:40:39
================================================================================
[2026-06-07T04:41:34.077+0000] {manager.py:878} INFO - 
================================================================================
DAG File Processing Stats

File Path                           PID    Runtime      # DAGs    # Errors  Last Runtime    Last Run
----------------------------------  -----  ---------  --------  ----------  --------------  -------------------
/opt/airflow/dags/cotacoes_dags.py                           1           0  0.34s           2026-06-07T04:41:09
================================================================================
[2026-06-07T04:42:04.562+0000] {manager.py:878} INFO - 
================================================================================
DAG File Processing Stats

File Path                           PID    Runtime      # DAGs    # Errors  Last Runtime    Last Run
----------------------------------  -----  ---------  --------  ----------  --------------  -------------------
/opt/airflow/dags/cotacoes_dags.py                           1           0  0.22s           2026-06-07T04:41:40
================================================================================
[2026-06-07T04:42:34.931+0000] {manager.py:878} INFO - 
================================================================================
DAG File Processing Stats

File Path                           PID    Runtime      # DAGs    # Errors  Last Runtime    Last Run
----------------------------------  -----  ---------  --------  ----------  --------------  -------------------
/opt/airflow/dags/cotacoes_dags.py                           1           0  0.24s           2026-06-07T04:42:10
================================================================================
[2026-06-07T04:43:05.480+0000] {manager.py:878} INFO - 
================================================================================
DAG File Processing Stats

File Path                           PID    Runtime      # DAGs    # Errors  Last Runtime    Last Run
----------------------------------  -----  ---------  --------  ----------  --------------  -------------------
/opt/airflow/dags/cotacoes_dags.py                           1           0  0.33s           2026-06-07T04:42:41
================================================================================
[2026-06-07T04:43:36.003+0000] {manager.py:878} INFO - 
================================================================================
DAG File Processing Stats

File Path                           PID    Runtime      # DAGs    # Errors  Last Runtime    Last Run
----------------------------------  -----  ---------  --------  ----------  --------------  -------------------
/opt/airflow/dags/cotacoes_dags.py                           1           0  0.31s           2026-06-07T04:43:11
================================================================================
[2026-06-07T04:44:06.476+0000] {manager.py:878} INFO - 
================================================================================
DAG File Processing Stats

File Path                           PID    Runtime      # DAGs    # Errors  Last Runtime    Last Run
----------------------------------  -----  ---------  --------  ----------  --------------  -------------------
/opt/airflow/dags/cotacoes_dags.py                           1           0  0.29s           2026-06-07T04:43:42
================================================================================
[2026-06-07T04:44:24.200+0000] {manager.py:452} INFO - Exiting gracefully upon receiving signal 15
[2026-06-07T04:44:53.913+0000] {manager.py:470} INFO - Processing files using up to 2 processes at a time 
[2026-06-07T04:44:53.919+0000] {manager.py:471} INFO - Process each file at most once every 30 seconds
[2026-06-07T04:44:53.924+0000] {manager.py:472} INFO - Checking for new files in /opt/airflow/dags every 300 seconds
[2026-06-07T04:44:53.928+0000] {manager.py:737} INFO - Searching for files in /opt/airflow/dags
[2026-06-07T04:44:54.018+0000] {manager.py:740} INFO - There are 1 files in /opt/airflow/dags
[2026-06-07T04:44:54.312+0000] {manager.py:878} INFO - 
================================================================================
DAG File Processing Stats

File Path                             PID  Runtime      # DAGs    # Errors  Last Runtime    Last Run
----------------------------------  -----  ---------  --------  ----------  --------------  ----------
/opt/airflow/dags/cotacoes_dags.py    168  0.11s             0           0
================================================================================
[2026-06-07T04:45:24.349+0000] {manager.py:878} INFO - 
================================================================================
DAG File Processing Stats

File Path                           PID    Runtime      # DAGs    # Errors  Last Runtime    Last Run
----------------------------------  -----  ---------  --------  ----------  --------------  -------------------
/opt/airflow/dags/cotacoes_dags.py                           1           0  0.80s           2026-06-07T04:44:54
================================================================================
[2026-06-07T04:45:54.694+0000] {manager.py:878} INFO - 
================================================================================
DAG File Processing Stats

File Path                           PID    Runtime      # DAGs    # Errors  Last Runtime    Last Run
----------------------------------  -----  ---------  --------  ----------  --------------  -------------------
/opt/airflow/dags/cotacoes_dags.py                           1           0  0.24s           2026-06-07T04:45:25
================================================================================
[2026-06-07T04:46:25.357+0000] {manager.py:878} INFO - 
================================================================================
DAG File Processing Stats

File Path                           PID    Runtime      # DAGs    # Errors  Last Runtime    Last Run
----------------------------------  -----  ---------  --------  ----------  --------------  -------------------
/opt/airflow/dags/cotacoes_dags.py                           1           0  0.40s           2026-06-07T04:45:56
================================================================================
[2026-06-07T04:46:55.747+0000] {manager.py:878} INFO - 
================================================================================
DAG File Processing Stats

File Path                           PID    Runtime      # DAGs    # Errors  Last Runtime    Last Run
----------------------------------  -----  ---------  --------  ----------  --------------  -------------------
/opt/airflow/dags/cotacoes_dags.py                           1           0  0.29s           2026-06-07T04:46:26
================================================================================
[2026-06-07T04:47:26.206+0000] {manager.py:878} INFO - 
================================================================================
DAG File Processing Stats

File Path                           PID    Runtime      # DAGs    # Errors  Last Runtime    Last Run
----------------------------------  -----  ---------  --------  ----------  --------------  -------------------
/opt/airflow/dags/cotacoes_dags.py                           1           0  0.17s           2026-06-07T04:46:56
================================================================================
[2026-06-07T04:47:56.557+0000] {manager.py:878} INFO - 
================================================================================
DAG File Processing Stats

File Path                           PID    Runtime      # DAGs    # Errors  Last Runtime    Last Run
----------------------------------  -----  ---------  --------  ----------  --------------  -------------------
/opt/airflow/dags/cotacoes_dags.py                           1           0  0.25s           2026-06-07T04:47:27
================================================================================
[2026-06-07T04:48:27.094+0000] {manager.py:878} INFO - 
================================================================================
DAG File Processing Stats

File Path                           PID    Runtime      # DAGs    # Errors  Last Runtime    Last Run
----------------------------------  -----  ---------  --------  ----------  --------------  -------------------
/opt/airflow/dags/cotacoes_dags.py                           1           0  0.43s           2026-06-07T04:47:58
================================================================================
[2026-06-07T04:48:57.608+0000] {manager.py:878} INFO - 
================================================================================
DAG File Processing Stats

File Path                           PID    Runtime      # DAGs    # Errors  Last Runtime    Last Run
----------------------------------  -----  ---------  --------  ----------  --------------  -------------------
/opt/airflow/dags/cotacoes_dags.py                           1           0  0.51s           2026-06-07T04:48:28
================================================================================
[2026-06-07T04:49:27.713+0000] {manager.py:878} INFO - 
================================================================================
DAG File Processing Stats

File Path                           PID    Runtime      # DAGs    # Errors  Last Runtime    Last Run
----------------------------------  -----  ---------  --------  ----------  --------------  -------------------
/opt/airflow/dags/cotacoes_dags.py                           1           0  0.44s           2026-06-07T04:48:59
================================================================================
[2026-06-07T04:49:54.560+0000] {manager.py:737} INFO - Searching for files in /opt/airflow/dags
[2026-06-07T04:49:54.618+0000] {manager.py:740} INFO - There are 1 files in /opt/airflow/dags
[2026-06-07T04:49:58.679+0000] {manager.py:878} INFO - 
================================================================================
DAG File Processing Stats

File Path                           PID    Runtime      # DAGs    # Errors  Last Runtime    Last Run
----------------------------------  -----  ---------  --------  ----------  --------------  -------------------
/opt/airflow/dags/cotacoes_dags.py                           1           0  0.31s           2026-06-07T04:49:30
================================================================================
[2026-06-07T04:50:29.028+0000] {manager.py:878} INFO - 
================================================================================
DAG File Processing Stats

File Path                           PID    Runtime      # DAGs    # Errors  Last Runtime    Last Run
----------------------------------  -----  ---------  --------  ----------  --------------  -------------------
/opt/airflow/dags/cotacoes_dags.py                           1           0  0.24s           2026-06-07T04:50:00
================================================================================
[2026-06-07T04:50:59.536+0000] {manager.py:878} INFO - 
================================================================================
DAG File Processing Stats

File Path                           PID    Runtime      # DAGs    # Errors  Last Runtime    Last Run
----------------------------------  -----  ---------  --------  ----------  --------------  -------------------
/opt/airflow/dags/cotacoes_dags.py                           1           0  0.37s           2026-06-07T04:50:31
================================================================================
[2026-06-07T04:51:30.062+0000] {manager.py:878} INFO - 
================================================================================
DAG File Processing Stats

File Path                           PID    Runtime      # DAGs    # Errors  Last Runtime    Last Run
----------------------------------  -----  ---------  --------  ----------  --------------  -------------------
/opt/airflow/dags/cotacoes_dags.py                           1           0  0.23s           2026-06-07T04:51:01
================================================================================
[2026-06-07T04:52:00.453+0000] {manager.py:878} INFO - 
================================================================================
DAG File Processing Stats

File Path                           PID    Runtime      # DAGs    # Errors  Last Runtime    Last Run
----------------------------------  -----  ---------  --------  ----------  --------------  -------------------
/opt/airflow/dags/cotacoes_dags.py                           1           0  0.34s           2026-06-07T04:51:32
================================================================================
[2026-06-07T04:52:31.049+0000] {manager.py:878} INFO - 
================================================================================
DAG File Processing Stats

File Path                           PID    Runtime      # DAGs    # Errors  Last Runtime    Last Run
----------------------------------  -----  ---------  --------  ----------  --------------  -------------------
/opt/airflow/dags/cotacoes_dags.py                           1           0  0.31s           2026-06-07T04:52:02
================================================================================
[2026-06-07T04:53:01.377+0000] {manager.py:878} INFO - 
================================================================================
DAG File Processing Stats

File Path                           PID    Runtime      # DAGs    # Errors  Last Runtime    Last Run
----------------------------------  -----  ---------  --------  ----------  --------------  -------------------
/opt/airflow/dags/cotacoes_dags.py                           1           0  0.29s           2026-06-07T04:52:33
================================================================================
[2026-06-07T04:53:31.964+0000] {manager.py:878} INFO - 
================================================================================
DAG File Processing Stats

File Path                           PID    Runtime      # DAGs    # Errors  Last Runtime    Last Run
----------------------------------  -----  ---------  --------  ----------  --------------  -------------------
/opt/airflow/dags/cotacoes_dags.py                           1           0  0.30s           2026-06-07T04:53:03
================================================================================
[2026-06-07T04:54:02.300+0000] {manager.py:878} INFO - 
================================================================================
DAG File Processing Stats

File Path                           PID    Runtime      # DAGs    # Errors  Last Runtime    Last Run
----------------------------------  -----  ---------  --------  ----------  --------------  -------------------
/opt/airflow/dags/cotacoes_dags.py                           1           0  0.31s           2026-06-07T04:53:34
================================================================================
[2026-06-07T04:54:13.775+0000] {manager.py:452} INFO - Exiting gracefully upon receiving signal 15
[2026-06-07T04:54:30.908+0000] {manager.py:470} INFO - Processing files using up to 2 processes at a time 
[2026-06-07T04:54:30.911+0000] {manager.py:471} INFO - Process each file at most once every 30 seconds
[2026-06-07T04:54:30.913+0000] {manager.py:472} INFO - Checking for new files in /opt/airflow/dags every 300 seconds
[2026-06-07T04:54:30.916+0000] {manager.py:737} INFO - Searching for files in /opt/airflow/dags
[2026-06-07T04:54:30.980+0000] {manager.py:740} INFO - There are 1 files in /opt/airflow/dags
[2026-06-07T04:54:31.209+0000] {manager.py:878} INFO - 
================================================================================
DAG File Processing Stats

File Path                             PID  Runtime      # DAGs    # Errors  Last Runtime    Last Run
----------------------------------  -----  ---------  --------  ----------  --------------  ----------
/opt/airflow/dags/cotacoes_dags.py    168  0.11s             0           0
================================================================================
[2026-06-07T04:55:01.540+0000] {manager.py:878} INFO - 
================================================================================
DAG File Processing Stats

File Path                             PID  Runtime      # DAGs    # Errors  Last Runtime    Last Run
----------------------------------  -----  ---------  --------  ----------  --------------  -------------------
/opt/airflow/dags/cotacoes_dags.py    176  0.01s             1           0  0.38s           2026-06-07T04:54:31
================================================================================
[2026-06-07T04:55:31.885+0000] {manager.py:878} INFO - 
================================================================================
DAG File Processing Stats

File Path                             PID  Runtime      # DAGs    # Errors  Last Runtime    Last Run
----------------------------------  -----  ---------  --------  ----------  --------------  -------------------
/opt/airflow/dags/cotacoes_dags.py    181  0.01s             1           0  0.25s           2026-06-07T04:55:01
================================================================================
[2026-06-07T04:55:52.367+0000] {manager.py:452} INFO - Exiting gracefully upon receiving signal 15
[2026-06-07T04:56:03.259+0000] {manager.py:470} INFO - Processing files using up to 2 processes at a time 
[2026-06-07T04:56:03.261+0000] {manager.py:471} INFO - Process each file at most once every 30 seconds
[2026-06-07T04:56:03.263+0000] {manager.py:472} INFO - Checking for new files in /opt/airflow/dags every 300 seconds
[2026-06-07T04:56:03.265+0000] {manager.py:737} INFO - Searching for files in /opt/airflow/dags
[2026-06-07T04:56:03.301+0000] {manager.py:740} INFO - There are 1 files in /opt/airflow/dags
[2026-06-07T04:56:03.413+0000] {manager.py:878} INFO - 
================================================================================
DAG File Processing Stats

File Path                             PID  Runtime      # DAGs    # Errors  Last Runtime    Last Run
----------------------------------  -----  ---------  --------  ----------  --------------  ----------
/opt/airflow/dags/cotacoes_dags.py    168  0.05s             0           0
================================================================================
[2026-06-07T04:56:33.767+0000] {manager.py:878} INFO - 
================================================================================
DAG File Processing Stats

File Path                             PID  Runtime      # DAGs    # Errors  Last Runtime    Last Run
----------------------------------  -----  ---------  --------  ----------  --------------  -------------------
/opt/airflow/dags/cotacoes_dags.py    173  0.01s             1           0  0.28s           2026-06-07T04:56:03
================================================================================
[2026-06-07T04:57:04.258+0000] {manager.py:878} INFO - 
================================================================================
DAG File Processing Stats

File Path                             PID  Runtime      # DAGs    # Errors  Last Runtime    Last Run
----------------------------------  -----  ---------  --------  ----------  --------------  -------------------
/opt/airflow/dags/cotacoes_dags.py    178  0.01s             1           0  0.25s           2026-06-07T04:56:34
================================================================================
[2026-06-07T04:57:34.646+0000] {manager.py:878} INFO - 
================================================================================
DAG File Processing Stats

File Path                             PID  Runtime      # DAGs    # Errors  Last Runtime    Last Run
----------------------------------  -----  ---------  --------  ----------  --------------  -------------------
/opt/airflow/dags/cotacoes_dags.py    200  0.01s             1           0  0.28s           2026-06-07T04:57:04
================================================================================
[2026-06-07T04:58:05.197+0000] {manager.py:878} INFO - 
================================================================================
DAG File Processing Stats

File Path                             PID  Runtime      # DAGs    # Errors  Last Runtime    Last Run
----------------------------------  -----  ---------  --------  ----------  --------------  -------------------
/opt/airflow/dags/cotacoes_dags.py    213  0.01s             1           0  0.39s           2026-06-07T04:57:35
================================================================================
[2026-06-07T04:58:35.672+0000] {manager.py:878} INFO - 
================================================================================
DAG File Processing Stats

File Path                             PID  Runtime      # DAGs    # Errors  Last Runtime    Last Run
----------------------------------  -----  ---------  --------  ----------  --------------  -------------------
/opt/airflow/dags/cotacoes_dags.py    218  0.01s             1           0  0.19s           2026-06-07T04:58:05
================================================================================
[2026-06-07T04:59:06.046+0000] {manager.py:878} INFO - 
================================================================================
DAG File Processing Stats

File Path                             PID  Runtime      # DAGs    # Errors  Last Runtime    Last Run
----------------------------------  -----  ---------  --------  ----------  --------------  -------------------
/opt/airflow/dags/cotacoes_dags.py    223  0.01s             1           0  0.25s           2026-06-07T04:58:35
================================================================================
[2026-06-07T04:59:36.558+0000] {manager.py:878} INFO - 
================================================================================
DAG File Processing Stats

File Path                             PID  Runtime      # DAGs    # Errors  Last Runtime    Last Run
----------------------------------  -----  ---------  --------  ----------  --------------  -------------------
/opt/airflow/dags/cotacoes_dags.py    228  0.01s             1           0  0.28s           2026-06-07T04:59:06
================================================================================
[2026-06-07T05:00:06.915+0000] {manager.py:878} INFO - 
================================================================================
DAG File Processing Stats

File Path                           PID    Runtime      # DAGs    # Errors  Last Runtime    Last Run
----------------------------------  -----  ---------  --------  ----------  --------------  -------------------
/opt/airflow/dags/cotacoes_dags.py                           1           0  0.46s           2026-06-07T04:59:37
================================================================================
[2026-06-07T05:00:37.129+0000] {manager.py:878} INFO - 
================================================================================
DAG File Processing Stats

File Path                           PID    Runtime      # DAGs    # Errors  Last Runtime    Last Run
----------------------------------  -----  ---------  --------  ----------  --------------  -------------------
/opt/airflow/dags/cotacoes_dags.py                           1           0  0.46s           2026-06-07T05:00:07
================================================================================
[2026-06-07T05:01:03.575+0000] {manager.py:737} INFO - Searching for files in /opt/airflow/dags
[2026-06-07T05:01:03.632+0000] {manager.py:740} INFO - There are 1 files in /opt/airflow/dags
[2026-06-07T05:01:07.685+0000] {manager.py:878} INFO - 
================================================================================
DAG File Processing Stats

File Path                           PID    Runtime      # DAGs    # Errors  Last Runtime    Last Run
----------------------------------  -----  ---------  --------  ----------  --------------  -------------------
/opt/airflow/dags/cotacoes_dags.py                           1           0  0.26s           2026-06-07T05:00:38
================================================================================
[2026-06-07T05:01:38.163+0000] {manager.py:878} INFO - 
================================================================================
DAG File Processing Stats

File Path                           PID    Runtime      # DAGs    # Errors  Last Runtime    Last Run
----------------------------------  -----  ---------  --------  ----------  --------------  -------------------
/opt/airflow/dags/cotacoes_dags.py                           1           0  0.39s           2026-06-07T05:01:09
================================================================================
[2026-06-07T05:02:08.704+0000] {manager.py:878} INFO - 
================================================================================
DAG File Processing Stats

File Path                           PID    Runtime      # DAGs    # Errors  Last Runtime    Last Run
----------------------------------  -----  ---------  --------  ----------  --------------  -------------------
/opt/airflow/dags/cotacoes_dags.py                           1           0  0.28s           2026-06-07T05:01:39
================================================================================
[2026-06-07T05:02:39.011+0000] {manager.py:878} INFO - 
================================================================================
DAG File Processing Stats

File Path                           PID    Runtime      # DAGs    # Errors  Last Runtime    Last Run
----------------------------------  -----  ---------  --------  ----------  --------------  -------------------
/opt/airflow/dags/cotacoes_dags.py                           1           0  0.45s           2026-06-07T05:02:10
================================================================================
[2026-06-07T05:03:09.067+0000] {manager.py:878} INFO - 
================================================================================
DAG File Processing Stats

File Path                           PID    Runtime      # DAGs    # Errors  Last Runtime    Last Run
----------------------------------  -----  ---------  --------  ----------  --------------  -------------------
/opt/airflow/dags/cotacoes_dags.py                           1           0  0.19s           2026-06-07T05:02:40
================================================================================
[2026-06-07T05:03:39.354+0000] {manager.py:878} INFO - 
================================================================================
DAG File Processing Stats

File Path                           PID    Runtime      # DAGs    # Errors  Last Runtime    Last Run
----------------------------------  -----  ---------  --------  ----------  --------------  -------------------
/opt/airflow/dags/cotacoes_dags.py                           1           0  0.21s           2026-06-07T05:03:11
================================================================================
[2026-06-07T05:04:09.737+0000] {manager.py:878} INFO - 
================================================================================
DAG File Processing Stats

File Path                           PID    Runtime      # DAGs    # Errors  Last Runtime    Last Run
----------------------------------  -----  ---------  --------  ----------  --------------  -------------------
/opt/airflow/dags/cotacoes_dags.py                           1           0  0.24s           2026-06-07T05:03:41
================================================================================
[2026-06-07T05:04:40.295+0000] {manager.py:878} INFO - 
================================================================================
DAG File Processing Stats

File Path                           PID    Runtime      # DAGs    # Errors  Last Runtime    Last Run
----------------------------------  -----  ---------  --------  ----------  --------------  -------------------
/opt/airflow/dags/cotacoes_dags.py                           1           0  0.20s           2026-06-07T05:04:11
================================================================================
[2026-06-07T05:05:10.661+0000] {manager.py:878} INFO - 
================================================================================
DAG File Processing Stats

File Path                           PID    Runtime      # DAGs    # Errors  Last Runtime    Last Run
----------------------------------  -----  ---------  --------  ----------  --------------  -------------------
/opt/airflow/dags/cotacoes_dags.py                           1           0  0.16s           2026-06-07T05:04:42
================================================================================
[2026-06-07T05:05:41.116+0000] {manager.py:878} INFO - 
================================================================================
DAG File Processing Stats

File Path                           PID    Runtime      # DAGs    # Errors  Last Runtime    Last Run
----------------------------------  -----  ---------  --------  ----------  --------------  -------------------
/opt/airflow/dags/cotacoes_dags.py                           1           0  0.23s           2026-06-07T05:05:12
================================================================================
[2026-06-07T05:06:03.626+0000] {manager.py:737} INFO - Searching for files in /opt/airflow/dags
[2026-06-07T05:06:03.678+0000] {manager.py:740} INFO - There are 1 files in /opt/airflow/dags
[2026-06-07T05:06:11.561+0000] {manager.py:878} INFO - 
================================================================================
DAG File Processing Stats

File Path                           PID    Runtime      # DAGs    # Errors  Last Runtime    Last Run
----------------------------------  -----  ---------  --------  ----------  --------------  -------------------
/opt/airflow/dags/cotacoes_dags.py                           1           0  0.24s           2026-06-07T05:05:43
================================================================================
[2026-06-07T05:06:42.032+0000] {manager.py:878} INFO - 
================================================================================
DAG File Processing Stats

File Path                           PID    Runtime      # DAGs    # Errors  Last Runtime    Last Run
----------------------------------  -----  ---------  --------  ----------  --------------  -------------------
/opt/airflow/dags/cotacoes_dags.py                           1           0  0.26s           2026-06-07T05:06:13
================================================================================
[2026-06-07T05:07:12.457+0000] {manager.py:878} INFO - 
================================================================================
DAG File Processing Stats

File Path                           PID    Runtime      # DAGs    # Errors  Last Runtime    Last Run
----------------------------------  -----  ---------  --------  ----------  --------------  -------------------
/opt/airflow/dags/cotacoes_dags.py                           1           0  0.28s           2026-06-07T05:06:44
================================================================================
[2026-06-07T05:07:42.945+0000] {manager.py:878} INFO - 
================================================================================
DAG File Processing Stats

File Path                           PID    Runtime      # DAGs    # Errors  Last Runtime    Last Run
----------------------------------  -----  ---------  --------  ----------  --------------  -------------------
/opt/airflow/dags/cotacoes_dags.py                           1           0  0.26s           2026-06-07T05:07:14
================================================================================
[2026-06-07T05:08:13.317+0000] {manager.py:878} INFO - 
================================================================================
DAG File Processing Stats

File Path                           PID    Runtime      # DAGs    # Errors  Last Runtime    Last Run
----------------------------------  -----  ---------  --------  ----------  --------------  -------------------
/opt/airflow/dags/cotacoes_dags.py                           1           0  0.23s           2026-06-07T05:07:45
================================================================================
[2026-06-07T05:08:43.795+0000] {manager.py:878} INFO - 
================================================================================
DAG File Processing Stats

File Path                           PID    Runtime      # DAGs    # Errors  Last Runtime    Last Run
----------------------------------  -----  ---------  --------  ----------  --------------  -------------------
/opt/airflow/dags/cotacoes_dags.py                           1           0  0.29s           2026-06-07T05:08:15
================================================================================
[2026-06-07T05:09:14.216+0000] {manager.py:878} INFO - 
================================================================================
DAG File Processing Stats

File Path                           PID    Runtime      # DAGs    # Errors  Last Runtime    Last Run
----------------------------------  -----  ---------  --------  ----------  --------------  -------------------
/opt/airflow/dags/cotacoes_dags.py                           1           0  0.28s           2026-06-07T05:08:46
================================================================================
[2026-06-07T05:09:44.722+0000] {manager.py:878} INFO - 
================================================================================
DAG File Processing Stats

File Path                           PID    Runtime      # DAGs    # Errors  Last Runtime    Last Run
----------------------------------  -----  ---------  --------  ----------  --------------  -------------------
/opt/airflow/dags/cotacoes_dags.py                           1           0  0.21s           2026-06-07T05:09:16
================================================================================
[2026-06-07T05:10:15.048+0000] {manager.py:878} INFO - 
================================================================================
DAG File Processing Stats

File Path                           PID    Runtime      # DAGs    # Errors  Last Runtime    Last Run
----------------------------------  -----  ---------  --------  ----------  --------------  -------------------
/opt/airflow/dags/cotacoes_dags.py                           1           0  0.24s           2026-06-07T05:09:47
================================================================================
[2026-06-07T05:10:45.576+0000] {manager.py:878} INFO - 
================================================================================
DAG File Processing Stats

File Path                           PID    Runtime      # DAGs    # Errors  Last Runtime    Last Run
----------------------------------  -----  ---------  --------  ----------  --------------  -------------------
/opt/airflow/dags/cotacoes_dags.py                           1           0  0.30s           2026-06-07T05:10:17
================================================================================
[2026-06-07T05:11:03.861+0000] {manager.py:737} INFO - Searching for files in /opt/airflow/dags
[2026-06-07T05:11:03.910+0000] {manager.py:740} INFO - There are 1 files in /opt/airflow/dags
[2026-06-07T05:11:16.044+0000] {manager.py:878} INFO - 
================================================================================
DAG File Processing Stats

File Path                           PID    Runtime      # DAGs    # Errors  Last Runtime    Last Run
----------------------------------  -----  ---------  --------  ----------  --------------  -------------------
/opt/airflow/dags/cotacoes_dags.py                           1           0  0.19s           2026-06-07T05:10:47
================================================================================
[2026-06-07T05:11:46.359+0000] {manager.py:878} INFO - 
================================================================================
DAG File Processing Stats

File Path                           PID    Runtime      # DAGs    # Errors  Last Runtime    Last Run
----------------------------------  -----  ---------  --------  ----------  --------------  -------------------
/opt/airflow/dags/cotacoes_dags.py                           1           0  0.27s           2026-06-07T05:11:18
================================================================================
[2026-06-07T05:12:16.930+0000] {manager.py:878} INFO - 
================================================================================
DAG File Processing Stats

File Path                           PID    Runtime      # DAGs    # Errors  Last Runtime    Last Run
----------------------------------  -----  ---------  --------  ----------  --------------  -------------------
/opt/airflow/dags/cotacoes_dags.py                           1           0  0.30s           2026-06-07T05:11:48
================================================================================
[2026-06-07T05:12:47.290+0000] {manager.py:878} INFO - 
================================================================================
DAG File Processing Stats

File Path                           PID    Runtime      # DAGs    # Errors  Last Runtime    Last Run
----------------------------------  -----  ---------  --------  ----------  --------------  -------------------
/opt/airflow/dags/cotacoes_dags.py                           1           0  0.30s           2026-06-07T05:12:19
================================================================================
[2026-06-07T05:13:17.811+0000] {manager.py:878} INFO - 
================================================================================
DAG File Processing Stats

File Path                           PID    Runtime      # DAGs    # Errors  Last Runtime    Last Run
----------------------------------  -----  ---------  --------  ----------  --------------  -------------------
/opt/airflow/dags/cotacoes_dags.py                           1           0  0.24s           2026-06-07T05:12:49
================================================================================
[2026-06-07T05:13:48.141+0000] {manager.py:878} INFO - 
================================================================================
DAG File Processing Stats

File Path                           PID    Runtime      # DAGs    # Errors  Last Runtime    Last Run
----------------------------------  -----  ---------  --------  ----------  --------------  -------------------
/opt/airflow/dags/cotacoes_dags.py                           1           0  0.20s           2026-06-07T05:13:20
================================================================================
[2026-06-07T05:14:18.607+0000] {manager.py:878} INFO - 
================================================================================
DAG File Processing Stats

File Path                           PID    Runtime      # DAGs    # Errors  Last Runtime    Last Run
----------------------------------  -----  ---------  --------  ----------  --------------  -------------------
/opt/airflow/dags/cotacoes_dags.py                           1           0  0.24s           2026-06-07T05:13:50
================================================================================
[2026-06-07T05:14:48.950+0000] {manager.py:878} INFO - 
================================================================================
DAG File Processing Stats

File Path                           PID    Runtime      # DAGs    # Errors  Last Runtime    Last Run
----------------------------------  -----  ---------  --------  ----------  --------------  -------------------
/opt/airflow/dags/cotacoes_dags.py                           1           0  0.26s           2026-06-07T05:14:20
================================================================================
[2026-06-07T05:15:19.451+0000] {manager.py:878} INFO - 
================================================================================
DAG File Processing Stats

File Path                           PID    Runtime      # DAGs    # Errors  Last Runtime    Last Run
----------------------------------  -----  ---------  --------  ----------  --------------  -------------------
/opt/airflow/dags/cotacoes_dags.py                           1           0  0.23s           2026-06-07T05:14:51
================================================================================
[2026-06-07T05:15:49.778+0000] {manager.py:878} INFO - 
================================================================================
DAG File Processing Stats

File Path                           PID    Runtime      # DAGs    # Errors  Last Runtime    Last Run
----------------------------------  -----  ---------  --------  ----------  --------------  -------------------
/opt/airflow/dags/cotacoes_dags.py                           1           0  0.29s           2026-06-07T05:15:21
================================================================================
[2026-06-07T05:16:04.170+0000] {manager.py:737} INFO - Searching for files in /opt/airflow/dags
[2026-06-07T05:16:04.224+0000] {manager.py:740} INFO - There are 1 files in /opt/airflow/dags
[2026-06-07T05:16:20.390+0000] {manager.py:878} INFO - 
================================================================================
DAG File Processing Stats

File Path                           PID    Runtime      # DAGs    # Errors  Last Runtime    Last Run
----------------------------------  -----  ---------  --------  ----------  --------------  -------------------
/opt/airflow/dags/cotacoes_dags.py                           1           0  0.27s           2026-06-07T05:15:52
================================================================================
[2026-06-07T05:16:50.744+0000] {manager.py:878} INFO - 
================================================================================
DAG File Processing Stats

File Path                           PID    Runtime      # DAGs    # Errors  Last Runtime    Last Run
----------------------------------  -----  ---------  --------  ----------  --------------  -------------------
/opt/airflow/dags/cotacoes_dags.py                           1           0  0.26s           2026-06-07T05:16:22
================================================================================
[2026-06-07T05:17:21.310+0000] {manager.py:878} INFO - 
================================================================================
DAG File Processing Stats

File Path                           PID    Runtime      # DAGs    # Errors  Last Runtime    Last Run
----------------------------------  -----  ---------  --------  ----------  --------------  -------------------
/opt/airflow/dags/cotacoes_dags.py                           1           0  0.24s           2026-06-07T05:16:53
================================================================================
[2026-06-07T05:17:51.648+0000] {manager.py:878} INFO - 
================================================================================
DAG File Processing Stats

File Path                           PID    Runtime      # DAGs    # Errors  Last Runtime    Last Run
----------------------------------  -----  ---------  --------  ----------  --------------  -------------------
/opt/airflow/dags/cotacoes_dags.py                           1           0  0.26s           2026-06-07T05:17:23
================================================================================
[2026-06-07T05:18:22.153+0000] {manager.py:878} INFO - 
================================================================================
DAG File Processing Stats

File Path                           PID    Runtime      # DAGs    # Errors  Last Runtime    Last Run
----------------------------------  -----  ---------  --------  ----------  --------------  -------------------
/opt/airflow/dags/cotacoes_dags.py                           1           0  0.24s           2026-06-07T05:17:53
================================================================================
[2026-06-07T05:18:52.500+0000] {manager.py:878} INFO - 
================================================================================
DAG File Processing Stats

File Path                           PID    Runtime      # DAGs    # Errors  Last Runtime    Last Run
----------------------------------  -----  ---------  --------  ----------  --------------  -------------------
/opt/airflow/dags/cotacoes_dags.py                           1           0  0.23s           2026-06-07T05:18:24
================================================================================
[2026-06-07T05:19:22.988+0000] {manager.py:878} INFO - 
================================================================================
DAG File Processing Stats

File Path                           PID    Runtime      # DAGs    # Errors  Last Runtime    Last Run
----------------------------------  -----  ---------  --------  ----------  --------------  -------------------
/opt/airflow/dags/cotacoes_dags.py                           1           0  0.27s           2026-06-07T05:18:54
================================================================================
[2026-06-07T05:19:53.362+0000] {manager.py:878} INFO - 
================================================================================
DAG File Processing Stats

File Path                           PID    Runtime      # DAGs    # Errors  Last Runtime    Last Run
----------------------------------  -----  ---------  --------  ----------  --------------  -------------------
/opt/airflow/dags/cotacoes_dags.py                           1           0  0.30s           2026-06-07T05:19:25
================================================================================
[2026-06-07T05:20:23.943+0000] {manager.py:878} INFO - 
================================================================================
DAG File Processing Stats

File Path                           PID    Runtime      # DAGs    # Errors  Last Runtime    Last Run
----------------------------------  -----  ---------  --------  ----------  --------------  -------------------
/opt/airflow/dags/cotacoes_dags.py                           1           0  0.30s           2026-06-07T05:19:55
================================================================================
[2026-06-07T05:20:54.304+0000] {manager.py:878} INFO - 
================================================================================
DAG File Processing Stats

File Path                           PID    Runtime      # DAGs    # Errors  Last Runtime    Last Run
----------------------------------  -----  ---------  --------  ----------  --------------  -------------------
/opt/airflow/dags/cotacoes_dags.py                           1           0  0.28s           2026-06-07T05:20:26
================================================================================
[2026-06-07T05:21:04.617+0000] {manager.py:737} INFO - Searching for files in /opt/airflow/dags
[2026-06-07T05:21:04.671+0000] {manager.py:740} INFO - There are 1 files in /opt/airflow/dags
[2026-06-07T05:21:24.892+0000] {manager.py:878} INFO - 
================================================================================
DAG File Processing Stats

File Path                           PID    Runtime      # DAGs    # Errors  Last Runtime    Last Run
----------------------------------  -----  ---------  --------  ----------  --------------  -------------------
/opt/airflow/dags/cotacoes_dags.py                           1           0  0.28s           2026-06-07T05:20:56
================================================================================
[2026-06-07T05:21:55.258+0000] {manager.py:878} INFO - 
================================================================================
DAG File Processing Stats

File Path                           PID    Runtime      # DAGs    # Errors  Last Runtime    Last Run
----------------------------------  -----  ---------  --------  ----------  --------------  -------------------
/opt/airflow/dags/cotacoes_dags.py                           1           0  0.30s           2026-06-07T05:21:27
================================================================================
[2026-06-07T05:22:25.813+0000] {manager.py:878} INFO - 
================================================================================
DAG File Processing Stats

File Path                           PID    Runtime      # DAGs    # Errors  Last Runtime    Last Run
----------------------------------  -----  ---------  --------  ----------  --------------  -------------------
/opt/airflow/dags/cotacoes_dags.py                           1           0  0.25s           2026-06-07T05:21:57
================================================================================
[2026-06-07T05:22:56.127+0000] {manager.py:878} INFO - 
================================================================================
DAG File Processing Stats

File Path                           PID    Runtime      # DAGs    # Errors  Last Runtime    Last Run
----------------------------------  -----  ---------  --------  ----------  --------------  -------------------
/opt/airflow/dags/cotacoes_dags.py                           1           0  0.27s           2026-06-07T05:22:28
================================================================================
[2026-06-07T05:23:26.654+0000] {manager.py:878} INFO - 
================================================================================
DAG File Processing Stats

File Path                           PID    Runtime      # DAGs    # Errors  Last Runtime    Last Run
----------------------------------  -----  ---------  --------  ----------  --------------  -------------------
/opt/airflow/dags/cotacoes_dags.py                           1           0  0.26s           2026-06-07T05:22:58
================================================================================
[2026-06-07T05:23:56.991+0000] {manager.py:878} INFO - 
================================================================================
DAG File Processing Stats

File Path                           PID    Runtime      # DAGs    # Errors  Last Runtime    Last Run
----------------------------------  -----  ---------  --------  ----------  --------------  -------------------
/opt/airflow/dags/cotacoes_dags.py                           1           0  0.24s           2026-06-07T05:23:28
================================================================================
[2026-06-07T05:24:27.476+0000] {manager.py:878} INFO - 
================================================================================
DAG File Processing Stats

File Path                           PID    Runtime      # DAGs    # Errors  Last Runtime    Last Run
----------------------------------  -----  ---------  --------  ----------  --------------  -------------------
/opt/airflow/dags/cotacoes_dags.py                           1           0  0.25s           2026-06-07T05:23:59
================================================================================
[2026-06-07T05:24:57.824+0000] {manager.py:878} INFO - 
================================================================================
DAG File Processing Stats

File Path                           PID    Runtime      # DAGs    # Errors  Last Runtime    Last Run
----------------------------------  -----  ---------  --------  ----------  --------------  -------------------
/opt/airflow/dags/cotacoes_dags.py                           1           0  0.24s           2026-06-07T05:24:29
================================================================================
[2026-06-07T05:25:28.300+0000] {manager.py:878} INFO - 
================================================================================
DAG File Processing Stats

File Path                           PID    Runtime      # DAGs    # Errors  Last Runtime    Last Run
----------------------------------  -----  ---------  --------  ----------  --------------  -------------------
/opt/airflow/dags/cotacoes_dags.py                           1           0  0.28s           2026-06-07T05:25:00
================================================================================
[2026-06-07T05:25:58.655+0000] {manager.py:878} INFO - 
================================================================================
DAG File Processing Stats

File Path                           PID    Runtime      # DAGs    # Errors  Last Runtime    Last Run
----------------------------------  -----  ---------  --------  ----------  --------------  -------------------
/opt/airflow/dags/cotacoes_dags.py                           1           0  0.28s           2026-06-07T05:25:30
================================================================================
[2026-06-07T05:26:04.948+0000] {manager.py:737} INFO - Searching for files in /opt/airflow/dags
[2026-06-07T05:26:05.008+0000] {manager.py:740} INFO - There are 1 files in /opt/airflow/dags
[2026-06-07T05:26:29.281+0000] {manager.py:878} INFO - 
================================================================================
DAG File Processing Stats

File Path                           PID    Runtime      # DAGs    # Errors  Last Runtime    Last Run
----------------------------------  -----  ---------  --------  ----------  --------------  -------------------
/opt/airflow/dags/cotacoes_dags.py                           1           0  0.29s           2026-06-07T05:26:00
================================================================================
[2026-06-07T05:26:59.584+0000] {manager.py:878} INFO - 
================================================================================
DAG File Processing Stats

File Path                           PID    Runtime      # DAGs    # Errors  Last Runtime    Last Run
----------------------------------  -----  ---------  --------  ----------  --------------  -------------------
/opt/airflow/dags/cotacoes_dags.py                           1           0  0.28s           2026-06-07T05:26:31
================================================================================
[2026-06-07T05:27:30.133+0000] {manager.py:878} INFO - 
================================================================================
DAG File Processing Stats

File Path                           PID    Runtime      # DAGs    # Errors  Last Runtime    Last Run
----------------------------------  -----  ---------  --------  ----------  --------------  -------------------
/opt/airflow/dags/cotacoes_dags.py                           1           0  0.26s           2026-06-07T05:27:01
================================================================================
[2026-06-07T05:28:00.467+0000] {manager.py:878} INFO - 
================================================================================
DAG File Processing Stats

File Path                           PID    Runtime      # DAGs    # Errors  Last Runtime    Last Run
----------------------------------  -----  ---------  --------  ----------  --------------  -------------------
/opt/airflow/dags/cotacoes_dags.py                           1           0  0.23s           2026-06-07T05:27:32
================================================================================
[2026-06-07T05:28:30.971+0000] {manager.py:878} INFO - 
================================================================================
DAG File Processing Stats

File Path                           PID    Runtime      # DAGs    # Errors  Last Runtime    Last Run
----------------------------------  -----  ---------  --------  ----------  --------------  -------------------
/opt/airflow/dags/cotacoes_dags.py                           1           0  0.27s           2026-06-07T05:28:02
================================================================================
[2026-06-07T05:29:01.381+0000] {manager.py:878} INFO - 
================================================================================
DAG File Processing Stats

File Path                           PID    Runtime      # DAGs    # Errors  Last Runtime    Last Run
----------------------------------  -----  ---------  --------  ----------  --------------  -------------------
/opt/airflow/dags/cotacoes_dags.py                           1           0  0.22s           2026-06-07T05:28:33
================================================================================
[2026-06-07T05:29:31.792+0000] {manager.py:878} INFO - 
================================================================================
DAG File Processing Stats

File Path                           PID    Runtime      # DAGs    # Errors  Last Runtime    Last Run
----------------------------------  -----  ---------  --------  ----------  --------------  -------------------
/opt/airflow/dags/cotacoes_dags.py                           1           0  0.23s           2026-06-07T05:29:03
================================================================================
[2026-06-07T05:30:02.210+0000] {manager.py:878} INFO - 
================================================================================
DAG File Processing Stats

File Path                           PID    Runtime      # DAGs    # Errors  Last Runtime    Last Run
----------------------------------  -----  ---------  --------  ----------  --------------  -------------------
/opt/airflow/dags/cotacoes_dags.py                           1           0  0.26s           2026-06-07T05:29:34
================================================================================
[2026-06-07T05:30:32.653+0000] {manager.py:878} INFO - 
================================================================================
DAG File Processing Stats

File Path                           PID    Runtime      # DAGs    # Errors  Last Runtime    Last Run
----------------------------------  -----  ---------  --------  ----------  --------------  -------------------
/opt/airflow/dags/cotacoes_dags.py                           1           0  0.31s           2026-06-07T05:30:04
================================================================================
[2026-06-07T05:31:03.212+0000] {manager.py:878} INFO - 
================================================================================
DAG File Processing Stats

File Path                           PID    Runtime      # DAGs    # Errors  Last Runtime    Last Run
----------------------------------  -----  ---------  --------  ----------  --------------  -------------------
/opt/airflow/dags/cotacoes_dags.py                           1           0  0.28s           2026-06-07T05:30:34
================================================================================
[2026-06-07T05:31:05.228+0000] {manager.py:737} INFO - Searching for files in /opt/airflow/dags
[2026-06-07T05:31:05.276+0000] {manager.py:740} INFO - There are 1 files in /opt/airflow/dags
