[2026-06-07T04:57:34.204+0000] {local_task_job_runner.py:120} INFO - ::group::Pre task execution logs
[2026-06-07T04:57:34.310+0000] {taskinstance.py:2076} INFO - Dependencies all met for dep_context=non-requeueable deps ti=<TaskInstance: etl_cotacoes_moedas.extract_task manual__2026-06-07T04:37:51.364952+00:00 [queued]>
[2026-06-07T04:57:34.344+0000] {taskinstance.py:2076} INFO - Dependencies all met for dep_context=requeueable deps ti=<TaskInstance: etl_cotacoes_moedas.extract_task manual__2026-06-07T04:37:51.364952+00:00 [queued]>
[2026-06-07T04:57:34.347+0000] {taskinstance.py:2306} INFO - Starting attempt 1 of 4
[2026-06-07T04:57:34.405+0000] {taskinstance.py:2330} INFO - Executing <Task(PythonOperator): extract_task> on 2026-06-07 04:37:51.364952+00:00
[2026-06-07T04:57:34.421+0000] {standard_task_runner.py:63} INFO - Started process 199 to run task
[2026-06-07T04:57:34.438+0000] {standard_task_runner.py:90} INFO - Running: ['***', 'tasks', 'run', 'etl_cotacoes_moedas', 'extract_task', 'manual__2026-06-07T04:37:51.364952+00:00', '--job-id', '19', '--raw', '--subdir', 'DAGS_FOLDER/cotacoes_dags.py', '--cfg-path', '/tmp/tmpt6s_2ps6']
[2026-06-07T04:57:34.450+0000] {standard_task_runner.py:91} INFO - Job 19: Subtask extract_task
[2026-06-07T04:57:34.660+0000] {task_command.py:426} INFO - Running <TaskInstance: etl_cotacoes_moedas.extract_task manual__2026-06-07T04:37:51.364952+00:00 [running]> on host aeec86894c9a
[2026-06-07T04:57:34.954+0000] {taskinstance.py:2648} INFO - Exporting env vars: AIRFLOW_CTX_DAG_OWNER='etl_team' AIRFLOW_CTX_DAG_ID='etl_cotacoes_moedas' AIRFLOW_CTX_TASK_ID='extract_task' AIRFLOW_CTX_EXECUTION_DATE='2026-06-07T04:37:51.364952+00:00' AIRFLOW_CTX_TRY_NUMBER='1' AIRFLOW_CTX_DAG_RUN_ID='manual__2026-06-07T04:37:51.364952+00:00'
[2026-06-07T04:57:34.957+0000] {taskinstance.py:430} INFO - ::endgroup::
[2026-06-07T04:57:34.980+0000] {cotacoes_dags.py:52} INFO - === TASK: EXTRACT ===
[2026-06-07T04:57:34.981+0000] {extract.py:34} INFO - Iniciando extração | URL: https://economia.awesomeapi.com.br/json/last/USD-BRL,EUR-BRL,BTC-BRL
[2026-06-07T04:57:35.917+0000] {extract.py:54} INFO - Extração concluída | 3 pares recebidos: ['USDBRL', 'EURBRL', 'BTCBRL']
[2026-06-07T04:57:35.996+0000] {cotacoes_dags.py:57} INFO - Dados brutos empurrados ao XCom | chave: 'raw_data'
[2026-06-07T04:57:35.998+0000] {python.py:237} INFO - Done. Returned value was: {'USDBRL': {'code': 'USD', 'codein': 'BRL', 'name': 'Dólar Americano/Real Brasileiro', 'high': '5.193', 'low': '5.05116', 'varBid': '0.1064', 'pctChange': '2.102477', 'bid': '5.1671', 'ask': '5.1771', 'timestamp': '1780695021', 'create_date': '2026-06-05 18:30:21'}, 'EURBRL': {'code': 'EUR', 'codein': 'BRL', 'name': 'Euro/Real Brasileiro', 'high': '5.98086', 'low': '5.87199', 'varBid': '0.091039', 'pctChange': '1.550391', 'bid': '5.96303', 'ask': '5.97729', 'timestamp': '1780693205', 'create_date': '2026-06-05 18:00:05'}, 'BTCBRL': {'code': 'BTC', 'codein': 'BRL', 'name': 'Bitcoin/Real Brasileiro', 'high': '321497', 'low': '309900', 'varBid': '9909', 'pctChange': '3.18', 'bid': '321489', 'ask': '321490', 'timestamp': '1780807685', 'create_date': '2026-06-07 01:48:05'}}
[2026-06-07T04:57:36.001+0000] {taskinstance.py:441} INFO - ::group::Post task execution logs
[2026-06-07T04:57:36.073+0000] {taskinstance.py:1206} INFO - Marking task as SUCCESS. dag_id=etl_cotacoes_moedas, task_id=extract_task, run_id=manual__2026-06-07T04:37:51.364952+00:00, execution_date=20260607T043751, start_date=20260607T045734, end_date=20260607T045736
[2026-06-07T04:57:36.144+0000] {local_task_job_runner.py:240} INFO - Task exited with return code 0
[2026-06-07T04:57:36.201+0000] {taskinstance.py:3498} INFO - 1 downstream tasks scheduled from follow-on schedule check
[2026-06-07T04:57:36.223+0000] {local_task_job_runner.py:222} INFO - ::endgroup::
