[2026-06-07T04:57:26.016+0000] {local_task_job_runner.py:120} INFO - ::group::Pre task execution logs
[2026-06-07T04:57:26.045+0000] {taskinstance.py:2076} INFO - Dependencies all met for dep_context=non-requeueable deps ti=<TaskInstance: etl_cotacoes_moedas.transform_task manual__2026-06-07T04:37:23.219132+00:00 [queued]>
[2026-06-07T04:57:26.053+0000] {taskinstance.py:2076} INFO - Dependencies all met for dep_context=requeueable deps ti=<TaskInstance: etl_cotacoes_moedas.transform_task manual__2026-06-07T04:37:23.219132+00:00 [queued]>
[2026-06-07T04:57:26.054+0000] {taskinstance.py:2306} INFO - Starting attempt 1 of 4
[2026-06-07T04:57:26.065+0000] {taskinstance.py:2330} INFO - Executing <Task(PythonOperator): transform_task> on 2026-06-07 04:37:23.219132+00:00
[2026-06-07T04:57:26.070+0000] {standard_task_runner.py:63} INFO - Started process 191 to run task
[2026-06-07T04:57:26.072+0000] {standard_task_runner.py:90} INFO - Running: ['***', 'tasks', 'run', 'etl_cotacoes_moedas', 'transform_task', 'manual__2026-06-07T04:37:23.219132+00:00', '--job-id', '16', '--raw', '--subdir', 'DAGS_FOLDER/cotacoes_dags.py', '--cfg-path', '/tmp/tmp061ygqbg']
[2026-06-07T04:57:26.074+0000] {standard_task_runner.py:91} INFO - Job 16: Subtask transform_task
[2026-06-07T04:57:26.126+0000] {task_command.py:426} INFO - Running <TaskInstance: etl_cotacoes_moedas.transform_task manual__2026-06-07T04:37:23.219132+00:00 [running]> on host aeec86894c9a
[2026-06-07T04:57:26.244+0000] {taskinstance.py:2648} INFO - Exporting env vars: AIRFLOW_CTX_DAG_OWNER='etl_team' AIRFLOW_CTX_DAG_ID='etl_cotacoes_moedas' AIRFLOW_CTX_TASK_ID='transform_task' AIRFLOW_CTX_EXECUTION_DATE='2026-06-07T04:37:23.219132+00:00' AIRFLOW_CTX_TRY_NUMBER='1' AIRFLOW_CTX_DAG_RUN_ID='manual__2026-06-07T04:37:23.219132+00:00'
[2026-06-07T04:57:26.245+0000] {taskinstance.py:430} INFO - ::endgroup::
[2026-06-07T04:57:26.698+0000] {cotacoes_dags.py:69} INFO - === TASK: TRANSFORM ===
[2026-06-07T04:57:26.707+0000] {transform.py:47} INFO - Iniciando transformação dos dados.
[2026-06-07T04:57:26.709+0000] {transform.py:53} INFO - Registros recebidos: 3
[2026-06-07T04:57:26.742+0000] {transform.py:79} INFO - Transformação concluída | 3 registro(s) válido(s).
[2026-06-07T04:57:26.763+0000] {cotacoes_dags.py:88} INFO - 3 registro(s) transformado(s) e empurrado(s) ao XCom.
[2026-06-07T04:57:26.763+0000] {python.py:237} INFO - Done. Returned value was: [{'moeda_origem': 'USD', 'moeda_destino': 'BRL', 'bid': 5.1671, 'ask': 5.1771, 'high': 5.193, 'low': 5.05116, 'pct_change': 2.102477, 'timestamp_api': '2026-06-05T21:30:21'}, {'moeda_origem': 'EUR', 'moeda_destino': 'BRL', 'bid': 5.96303, 'ask': 5.97729, 'high': 5.98086, 'low': 5.87199, 'pct_change': 1.550391, 'timestamp_api': '2026-06-05T21:00:05'}, {'moeda_origem': 'BTC', 'moeda_destino': 'BRL', 'bid': 321489.0, 'ask': 321490.0, 'high': 321497.0, 'low': 309900.0, 'pct_change': 3.18, 'timestamp_api': '2026-06-07T04:48:05'}]
[2026-06-07T04:57:26.765+0000] {taskinstance.py:441} INFO - ::group::Post task execution logs
[2026-06-07T04:57:26.786+0000] {taskinstance.py:1206} INFO - Marking task as SUCCESS. dag_id=etl_cotacoes_moedas, task_id=transform_task, run_id=manual__2026-06-07T04:37:23.219132+00:00, execution_date=20260607T043723, start_date=20260607T045726, end_date=20260607T045726
[2026-06-07T04:57:26.808+0000] {local_task_job_runner.py:240} INFO - Task exited with return code 0
[2026-06-07T04:57:26.829+0000] {taskinstance.py:3498} INFO - 1 downstream tasks scheduled from follow-on schedule check
[2026-06-07T04:57:26.831+0000] {local_task_job_runner.py:222} INFO - ::endgroup::
