[2026-06-07T04:57:19.842+0000] {local_task_job_runner.py:120} INFO - ::group::Pre task execution logs
[2026-06-07T04:57:19.894+0000] {taskinstance.py:2076} INFO - Dependencies all met for dep_context=non-requeueable deps ti=<TaskInstance: etl_cotacoes_moedas.notify_task scheduled__2026-06-06T00:00:00+00:00 [queued]>
[2026-06-07T04:57:19.902+0000] {taskinstance.py:2076} INFO - Dependencies all met for dep_context=requeueable deps ti=<TaskInstance: etl_cotacoes_moedas.notify_task scheduled__2026-06-06T00:00:00+00:00 [queued]>
[2026-06-07T04:57:19.904+0000] {taskinstance.py:2306} INFO - Starting attempt 1 of 4
[2026-06-07T04:57:19.922+0000] {taskinstance.py:2330} INFO - Executing <Task(PythonOperator): notify_task> on 2026-06-06 00:00:00+00:00
[2026-06-07T04:57:19.930+0000] {standard_task_runner.py:63} INFO - Started process 187 to run task
[2026-06-07T04:57:19.935+0000] {standard_task_runner.py:90} INFO - Running: ['***', 'tasks', 'run', 'etl_cotacoes_moedas', 'notify_task', 'scheduled__2026-06-06T00:00:00+00:00', '--job-id', '14', '--raw', '--subdir', 'DAGS_FOLDER/cotacoes_dags.py', '--cfg-path', '/tmp/tmptnp_v4sf']
[2026-06-07T04:57:19.939+0000] {standard_task_runner.py:91} INFO - Job 14: Subtask notify_task
[2026-06-07T04:57:20.037+0000] {task_command.py:426} INFO - Running <TaskInstance: etl_cotacoes_moedas.notify_task scheduled__2026-06-06T00:00:00+00:00 [running]> on host aeec86894c9a
[2026-06-07T04:57:20.125+0000] {taskinstance.py:2648} INFO - Exporting env vars: AIRFLOW_CTX_DAG_OWNER='etl_team' AIRFLOW_CTX_DAG_ID='etl_cotacoes_moedas' AIRFLOW_CTX_TASK_ID='notify_task' AIRFLOW_CTX_EXECUTION_DATE='2026-06-06T00:00:00+00:00' AIRFLOW_CTX_TRY_NUMBER='1' AIRFLOW_CTX_DAG_RUN_ID='scheduled__2026-06-06T00:00:00+00:00'
[2026-06-07T04:57:20.129+0000] {taskinstance.py:430} INFO - ::endgroup::
[2026-06-07T04:57:20.147+0000] {cotacoes_dags.py:130} INFO - ==================================================
[2026-06-07T04:57:20.148+0000] {cotacoes_dags.py:131} INFO - ✅ PIPELINE ETL FINALIZADO COM SUCESSO
[2026-06-07T04:57:20.149+0000] {logging_mixin.py:188} WARNING - /home/***/.local/lib/python3.11/site-packages/***/utils/context.py:320 AirflowContextDeprecationWarning: Accessing 'execution_date' from the template is deprecated and will be removed in a future version. Please use 'data_interval_start' or 'logical_date' instead.
[2026-06-07T04:57:20.150+0000] {cotacoes_dags.py:132} INFO -    Data de execução : 2026-06-06 00:00:00+00:00
[2026-06-07T04:57:20.151+0000] {cotacoes_dags.py:133} INFO -    Registros salvos : 3
[2026-06-07T04:57:20.151+0000] {cotacoes_dags.py:134} INFO - ==================================================
[2026-06-07T04:57:20.151+0000] {python.py:237} INFO - Done. Returned value was: None
[2026-06-07T04:57:20.152+0000] {taskinstance.py:441} INFO - ::group::Post task execution logs
[2026-06-07T04:57:20.161+0000] {taskinstance.py:1206} INFO - Marking task as SUCCESS. dag_id=etl_cotacoes_moedas, task_id=notify_task, run_id=scheduled__2026-06-06T00:00:00+00:00, execution_date=20260606T000000, start_date=20260607T045719, end_date=20260607T045720
[2026-06-07T04:57:20.190+0000] {local_task_job_runner.py:240} INFO - Task exited with return code 0
[2026-06-07T04:57:20.213+0000] {taskinstance.py:3498} INFO - 0 downstream tasks scheduled from follow-on schedule check
[2026-06-07T04:57:20.216+0000] {local_task_job_runner.py:222} INFO - ::endgroup::
